{
  "original_cost": 808,
  "final_cost": 402,
  "compression_ratio": 2.009950248756219,
  "num_abstractions": 1,
  "original": [
    "(a (lam_1 (a $0_1 $0_1)))",
    "(b (lam_1 (b $0_1 $0_1)))"
  ],
  "rewritten": [
    "(fn_0 a)",
    "(fn_0 b)"
  ],
  "rewritten_dreamcoder": null,
  "abstractions": [
    {
      "body": "(#0 (lam_1 (#0 $0_1 $0_1)))",
      "dreamcoder": "#(lambda ($0 (lambda_1 ($1 $0_1 $0_1))))",
      "arity": 1,
      "name": "fn_0",
      "utility": 202,
      "final_cost": 402,
      "compression_ratio": 2.009950248756219,
      "cumulative_compression_ratio": 2.009950248756219,
      "num_uses": 2,
      "rewritten": null,
      "rewritten_dreamcoder": null,
      "uses": [
        {
          "fn_0 a": "(a (lam_1 (a $0_1 $0_1)))"
        },
        {
          "fn_0 b": "(b (lam_1 (b $0_1 $0_1)))"
        }
      ],
      "dc_comparison_millis": null
    }
  ]
}