{
  "cmd": null,
  "args": null,
  "original_cost": 606,
  "original": [
    "(a (lam (a a)))",
    "(b (lam (b b)))"
  ],
  "num_invs": 1,
  "invs": [
    {
      "body": "(#0 (lam (#0 #0)))",
      "dreamcoder": "#(lambda ($0 (lambda ($1 $1))))",
      "arity": 1,
      "name": "fn_0",
      "utility": 201,
      "expected_cost": 402,
      "final_cost": 402,
      "multiplier": 1.507462686567164,
      "multiplier_wrt_orig": 1.507462686567164,
      "num_uses": 2,
      "rewritten": null,
      "rewritten_dreamcoder": null,
      "uses": [
        {
          "fn_0 a": "(a (lam (a a)))"
        },
        {
          "fn_0 b": "(b (lam (b b)))"
        }
      ]
    }
  ],
  "rewritten": [
    "(fn_0 a)",
    "(fn_0 b)"
  ]
}